------------------------------------------------------------
Timing Analyzer Summary
------------------------------------------------------------

Type  : Slow 1200mV 85C Model Setup 'clk'
Slack : -110.198
TNS   : -3828.950

Type  : Slow 1200mV 85C Model Setup 'bclk|altpll_component|auto_generated|pll1|clk[0]'
Slack : 347.027
TNS   : 0.000

Type  : Slow 1200mV 85C Model Hold 'clk'
Slack : 0.251
TNS   : 0.000

Type  : Slow 1200mV 85C Model Hold 'bclk|altpll_component|auto_generated|pll1|clk[0]'
Slack : 0.417
TNS   : 0.000

Type  : Slow 1200mV 85C Model Minimum Pulse Width 'clk'
Slack : 9.409
TNS   : 0.000

Type  : Slow 1200mV 85C Model Minimum Pulse Width 'bclk|altpll_component|auto_generated|pll1|clk[0]'
Slack : 176.419
TNS   : 0.000

Type  : Slow 1200mV 0C Model Setup 'clk'
Slack : -98.118
TNS   : -3409.571

Type  : Slow 1200mV 0C Model Setup 'bclk|altpll_component|auto_generated|pll1|clk[0]'
Slack : 347.442
TNS   : 0.000

Type  : Slow 1200mV 0C Model Hold 'clk'
Slack : 0.253
TNS   : 0.000

Type  : Slow 1200mV 0C Model Hold 'bclk|altpll_component|auto_generated|pll1|clk[0]'
Slack : 0.337
TNS   : 0.000

Type  : Slow 1200mV 0C Model Minimum Pulse Width 'clk'
Slack : 9.420
TNS   : 0.000

Type  : Slow 1200mV 0C Model Minimum Pulse Width 'bclk|altpll_component|auto_generated|pll1|clk[0]'
Slack : 176.398
TNS   : 0.000

Type  : Fast 1200mV 0C Model Setup 'clk'
Slack : -34.041
TNS   : -1179.059

Type  : Fast 1200mV 0C Model Setup 'bclk|altpll_component|auto_generated|pll1|clk[0]'
Slack : 350.598
TNS   : 0.000

Type  : Fast 1200mV 0C Model Hold 'clk'
Slack : 0.099
TNS   : 0.000

Type  : Fast 1200mV 0C Model Hold 'bclk|altpll_component|auto_generated|pll1|clk[0]'
Slack : 0.207
TNS   : 0.000

Type  : Fast 1200mV 0C Model Minimum Pulse Width 'clk'
Slack : 9.265
TNS   : 0.000

Type  : Fast 1200mV 0C Model Minimum Pulse Width 'bclk|altpll_component|auto_generated|pll1|clk[0]'
Slack : 176.449
TNS   : 0.000

------------------------------------------------------------
