------------------------------------------------------------
Timing Analyzer Summary
------------------------------------------------------------

Type  : Slow 1200mV 85C Model Setup 'clk'
Slack : -107.752
TNS   : -4554.081

Type  : Slow 1200mV 85C Model Setup 'bclk|altpll_component|auto_generated|pll1|clk[0]'
Slack : 169.904
TNS   : 0.000

Type  : Slow 1200mV 85C Model Hold 'clk'
Slack : 0.238
TNS   : 0.000

Type  : Slow 1200mV 85C Model Hold 'bclk|altpll_component|auto_generated|pll1|clk[0]'
Slack : 0.417
TNS   : 0.000

Type  : Slow 1200mV 85C Model Minimum Pulse Width 'clk'
Slack : 9.403
TNS   : 0.000

Type  : Slow 1200mV 85C Model Minimum Pulse Width 'bclk|altpll_component|auto_generated|pll1|clk[0]'
Slack : 176.385
TNS   : 0.000

Type  : Slow 1200mV 0C Model Setup 'clk'
Slack : -96.164
TNS   : -3884.053

Type  : Slow 1200mV 0C Model Setup 'bclk|altpll_component|auto_generated|pll1|clk[0]'
Slack : 170.314
TNS   : 0.000

Type  : Slow 1200mV 0C Model Hold 'clk'
Slack : 0.240
TNS   : 0.000

Type  : Slow 1200mV 0C Model Hold 'bclk|altpll_component|auto_generated|pll1|clk[0]'
Slack : 0.337
TNS   : 0.000

Type  : Slow 1200mV 0C Model Minimum Pulse Width 'clk'
Slack : 9.418
TNS   : 0.000

Type  : Slow 1200mV 0C Model Minimum Pulse Width 'bclk|altpll_component|auto_generated|pll1|clk[0]'
Slack : 176.370
TNS   : 0.000

Type  : Fast 1200mV 0C Model Setup 'clk'
Slack : -33.201
TNS   : -1292.223

Type  : Fast 1200mV 0C Model Setup 'bclk|altpll_component|auto_generated|pll1|clk[0]'
Slack : 173.336
TNS   : 0.000

Type  : Fast 1200mV 0C Model Hold 'clk'
Slack : 0.092
TNS   : 0.000

Type  : Fast 1200mV 0C Model Hold 'bclk|altpll_component|auto_generated|pll1|clk[0]'
Slack : 0.206
TNS   : 0.000

Type  : Fast 1200mV 0C Model Minimum Pulse Width 'clk'
Slack : 9.272
TNS   : 0.000

Type  : Fast 1200mV 0C Model Minimum Pulse Width 'bclk|altpll_component|auto_generated|pll1|clk[0]'
Slack : 176.440
TNS   : 0.000

------------------------------------------------------------
